---
source: linter/src/rules/ban_create_domain.rs
expression: lint_sql(sql)

---
[
    RuleViolation {
        kind: BanCreateDomain,
        span: Span {
            start: 0,
            len: Some(
                67,
            ),
        },
        messages: [
            Note(
                "Domains have poor support for online migrations",
            ),
        ],
    },
]
